2 [136131163682752] INFO perfrun.launcher <> - Launcher main begin
4 [136131163682752] INFO perfrun.launcher <> - MessageCatalogInit finished
4 [136131163682752] INFO perfrun.launcher <> - Launcher instance created
5 [136131163682752] INFO perfrun.launcher <> - argc = 6; cmdline = /opt/intel/oneapi/advisor/2025.3/bin64/advixe-runss --ui-output-format xml --ui-output-fd 183 --context-value-list 
141 [136131163682752] INFO perfrun.launcher <> - create msngr2::ICliToolContext
145 [136131163682752] INFO perfrun.launcher <> - create file finder object
148 [136131163682752] INFO perfrun.launcher <> - Put into the variant bag the context value: name = targetOS; value = Linux
149 [136131163682752] INFO perfrun.launcher <> - Put into the variant bag the context value: name = OS; value = Linux
149 [136131163682752] INFO perfrun.launcher <> - Put into the variant bag the context value: name = OSBuildNumber; value = 87
149 [136131163682752] INFO perfrun.launcher <> - Put into the variant bag the context value: name = OSBitness; value = 64
149 [136131163682752] INFO perfrun.launcher <> - Put into the variant bag the context value: name = RootPrivileges; value = false
149 [136131163682752] INFO perfrun.launcher <> - Put into the variant bag the context value: name = isPtraceScopeLimited; value = true
150 [136131163682752] INFO perfrun.launcher <> - Put into the variant bag the context value: name = isCATSupportedByCPU; value = false
150 [136131163682752] INFO perfrun.launcher <> - Put into the variant bag the context value: name = isL3MonitoringSupportedByCPU; value = false
150 [136131163682752] INFO perfrun.launcher <> - Put into the variant bag the context value: name = isTSXAvailable; value = false
150 [136131163682752] INFO perfrun.launcher <> - Put into the variant bag the context value: name = isPTAvailable; value = false
150 [136131163682752] INFO perfrun.launcher <> - Put into the variant bag the context value: name = isHTEnabled; value = true
150 [136131163682752] INFO perfrun.launcher <> - Put into the variant bag the context value: name = fpgaOnBoard; value = None
150 [136131163682752] INFO perfrun.launcher <> - Put into the variant bag the context value: name = omniPathOnBoard; value = None
150 [136131163682752] INFO perfrun.launcher <> - Put into the variant bag the context value: name = genArchOnBoard; value = 0
150 [136131163682752] INFO perfrun.launcher <> - Put into the variant bag the context value: name = pciClassParts; value = 
150 [136131163682752] INFO perfrun.launcher <> - Put into the variant bag the context value: name = tidValuesForIO; value = 
152 [136131163682752] INFO perfrun.launcher <> - Put into the variant bag the context value: name = populatedIoParts; value = 
152 [136131163682752] INFO perfrun.launcher <> - Put into the variant bag the context value: name = populatedIoUnits; value = 
153 [136131163682752] INFO perfrun.launcher <> - Put into the variant bag the context value: name = populatedTidValuesForIO; value = 
153 [136131163682752] INFO perfrun.launcher <> - Put into the variant bag the context value: name = memoryType; value = Unknown
153 [136131163682752] INFO perfrun.launcher <> - Put into the variant bag the context value: name = isSGXAvailable; value = false
153 [136131163682752] INFO perfrun.launcher <> - Put into the variant bag the context value: name = LinuxRelease; value = 6.6.87.2-microsoft-standard-WSL2
153 [136131163682752] INFO perfrun.launcher <> - Put into the variant bag the context value: name = is3DXPPresent; value = false
155 [136131163682752] INFO perfrun.launcher <> - Put into the variant bag the context value: name = is3DXP2LMMode; value = false
156 [136131163682752] INFO perfrun.launcher <> - Put into the variant bag the context value: name = is3DXPAppDirectMode; value = false
156 [136131163682752] INFO perfrun.launcher <> - Put into the variant bag the context value: name = IsNUMANodeWithoutCPUsPresent; value = false
157 [136131163682752] INFO perfrun.launcher <> - Put into the variant bag the context value: name = Hypervisor; value = Microsoft Hv
158 [136131163682752] INFO perfrun.launcher <> - Put into the variant bag the context value: name = PerfmonVersion; value = 4
158 [136131163682752] INFO perfrun.launcher <> - Put into the variant bag the context value: name = isMaxDRAMBandwidthMeasurementSupported; value = false
159 [136131163682752] INFO perfrun.launcher <> - Put into the variant bag the context value: name = preferedGpuAdapter; value = none
159 [136131163682752] INFO perfrun.launcher <> - Put into the variant bag the context value: name = isEHFIAvailable; value = false
160 [136131163682752] INFO perfrun.launcher <> - Put into the variant bag the context value: name = i915Status; value = MissingDriver
160 [136131163682752] INFO perfrun.launcher <> - Put into the variant bag the context value: name = GPUUserGroups; value = 
160 [136131163682752] INFO perfrun.launcher <> - Put into the variant bag the context value: name = isSEPDriverAvailable; value = false
160 [136131163682752] INFO perfrun.launcher <> - Put into the variant bag the context value: name = isSEPMICDriverAvailable; value = false
160 [136131163682752] INFO perfrun.launcher <> - Put into the variant bag the context value: name = isNMIWatchDogTimerRunning; value = false
160 [136131163682752] INFO perfrun.launcher <> - Put into the variant bag the context value: name = CPU_NAME; value = Unknown
160 [136131163682752] INFO perfrun.launcher <> - Put into the variant bag the context value: name = CPU; value = Unknown
160 [136131163682752] INFO perfrun.launcher <> - Put into the variant bag the context value: name = PMU; value = Unknown
161 [136131163682752] INFO perfrun.launcher <> - Put into the variant bag the context value: name = platformType; value = 0
161 [136131163682752] INFO perfrun.launcher <> - Put into the variant bag the context value: name = referenceFrequency; value = 1800000000
161 [136131163682752] INFO perfrun.launcher <> - Put into the variant bag the context value: name = isTPSSAvailable; value = true
161 [136131163682752] INFO perfrun.launcher <> - Put into the variant bag the context value: name = isPytraceAvailable; value = true
161 [136131163682752] INFO perfrun.launcher <> - Put into the variant bag the context value: name = forceShowInlines; value = false
161 [136131163682752] INFO perfrun.launcher <> - Application exit code: 0
161 [136131163682752] INFO perfrun.launcher <> - Exit code: 0
