2 [129082075809728] INFO perfrun.launcher <> - Launcher main begin
3 [129082075809728] INFO perfrun.launcher <> - MessageCatalogInit finished
3 [129082075809728] INFO perfrun.launcher <> - Launcher instance created
3 [129082075809728] INFO perfrun.launcher <> - argc = 6; cmdline = /opt/intel/oneapi/advisor/2025.3/bin64/advixe-runss -dump-vdso -r /home/marco99/hpc/project/HPC/advisor_project/e000/hs001 --tmp-dir /tmp/advixe-tmp-marco99 
64 [129082075809728] INFO perfrun.launcher <> - create msngr2::ICliToolContext
65 [129082075809728] INFO perfrun.launcher <> - create file finder object
66 [129081918088768] INFO perfrun.launcher <> - plugin [remoteplug] was disabled because it doesn't support the given collection type.
66 [129081918088768] INFO perfrun.launcher <> - plugin [system] was disabled because it doesn't support the given collection type.
66 [129081918088768] INFO perfrun.vdso <> - dumping [vdso] pseudomodule
68 [129081918088768] INFO perfrun.launcher <> - plugin [itt] was disabled because it doesn't support the given collection type.
68 [129081918088768] INFO perfrun.launcher <> - plugin [] was disabled because it doesn't support the given collection type.
68 [129081918088768] INFO perfrun.launcher <> - plugin [gpu] was disabled because it doesn't support the given collection type.
68 [129081918088768] INFO perfrun.launcher <> - plugin [] was disabled because it doesn't support the given collection type.
68 [129081918088768] INFO perfrun.launcher <> - plugin [] was disabled because it doesn't support the given collection type.
68 [129081918088768] INFO perfrun.launcher <> - plugin [] was disabled because it doesn't support the given collection type.
68 [129081918088768] INFO perfrun.launcher <> - plugin [mrte] was disabled because it doesn't support the given collection type.
68 [129081918088768] INFO perfrun.launcher <> - plugin [] was disabled because it doesn't support the given collection type.
68 [129081918088768] INFO perfrun.launcher <> - plugin [] was disabled because it doesn't support the given collection type.
68 [129081918088768] INFO perfrun.launcher <> - plugin [] was disabled because it doesn't support the given collection type.
68 [129081918088768] INFO perfrun.launcher <> - plugin [] was disabled because it doesn't support the given collection type.
68 [129081918088768] INFO perfrun.launcher <> - plugin [] was disabled because it doesn't support the given collection type.
68 [129081918088768] INFO perfrun.launcher <> - plugin [] was disabled because it doesn't support the given collection type.
68 [129081918088768] INFO perfrun.launcher <> - plugin [] was disabled because it doesn't support the given collection type.
68 [129081918088768] INFO perfrun.launcher <> - plugin [tpss] was disabled because it doesn't support the given collection type.
68 [129081918088768] INFO perfrun.launcher <> - plugin [] was disabled because it doesn't support the given collection type.
68 [129081918088768] INFO perfrun.launcher <> - plugin [] was disabled because it doesn't support the given collection type.
68 [129081918088768] INFO perfrun.launcher <> - plugin [] was disabled because it doesn't support the given collection type.
68 [129081918088768] INFO perfrun.launcher <> - plugin [] was disabled because it doesn't support the given collection type.
68 [129081918088768] INFO perfrun.launcher <> - plugin [] was disabled because it doesn't support the given collection type.
68 [129081918088768] INFO perfrun.launcher <> - plugin [] was disabled because it doesn't support the given collection type.
68 [129081918088768] INFO perfrun.launcher <> - plugin [] was disabled because it doesn't support the given collection type.
68 [129081918088768] INFO perfrun.launcher <> - plugin [] was disabled because it doesn't support the given collection type.
68 [129081918088768] INFO perfrun.launcher <> - plugin [] was disabled because it doesn't support the given collection type.
68 [129081918088768] INFO perfrun.launcher <> - plugin [] was disabled because it doesn't support the given collection type.
68 [129082075809728] INFO perfrun.launcher <> - Application exit code: 0
68 [129082075809728] INFO perfrun.launcher <> - Exit code: 0
