2 [137706353330112] INFO perfrun.launcher <> - Launcher main begin
3 [137706353330112] INFO perfrun.launcher <> - MessageCatalogInit finished
3 [137706353330112] INFO perfrun.launcher <> - Launcher instance created
3 [137706353330112] INFO perfrun.launcher <> - argc = 7; cmdline = /opt/intel/oneapi/advisor/2025.3/bin64/advixe-runss --ui-output-format xml --ui-output-fd 174 --option-file /home/marco99/hpc/project/HPC/advisor_project/e000/hs001/config/runss.options 
80 [137706353330112] INFO perfrun.launcher <> - create msngr2::ICliToolContext
80 [137706353330112] INFO perfrun.launcher <> - create file finder object
81 [137706353330112] INFO perfrun.launcher <> - create a result directory: pattern = /home/marco99/hpc/project/HPC/advisor_project/e000/hs001 pid = 4294967295
84 [137706353330112] INFO perfrun.sdk <> - checked that the directory /home/marco99/hpc/project/HPC/advisor_project/e000/hs001 is a local directory
84 [137706353330112] INFO perfrun.sdk <> - the directory /home/marco99/hpc/project/HPC/advisor_project/e000/hs001 is a local directory with FS type ID 61267
84 [137706353330112] INFO perfrun.launcher <> - create data directory = /home/marco99/hpc/project/HPC/advisor_project/e000/hs001/data.0
84 [137706353330112] INFO perfrun.launcher <> - Creating the master collection flag
87 [137706353330112] INFO perfrun.launcher <> - Done creating the master collection flag
88 [137706195641920] INFO perfrun.launcher <> - plugin [remoteplug] was disabled because it doesn't support the given collection type.
88 [137706195641920] INFO perfrun.sdk <> - Allocating TMU :/home/marco99/hpc/project/HPC/advisor_project/e000/hs001/data.0/systemcollector-21299-LAPTOP-6VIEB48P.sc
89 [137706195641920] INFO perfrun.launcher <> - plugin [] was disabled because it doesn't support the given collection type.
89 [137706195641920] INFO perfrun.launcher <> - plugin [gpu] was disabled because it doesn't support the given collection type.
89 [137706195641920] INFO perfrun.launcher <> - plugin [] was disabled because it doesn't support the given collection type.
89 [137706195641920] INFO perfrun.launcher <> - plugin [] was disabled because it doesn't support the given collection type.
89 [137706195641920] INFO perfrun.launcher <> - plugin [] was disabled because it doesn't support the given collection type.
89 [137706195641920] INFO perfrun.mrte <> - system-wide mode is 0
89 [137706195641920] INFO perfrun.mrte <> - Getting  mrte profiling environment ...
108 [137706195641920] INFO perfrun.mrte <> - INTEL_MRTE_DATA_DIR=/home/marco99/hpc/project/HPC/advisor_project/e000/hs001/data.0
108 [137706195641920] INFO perfrun.mrte <> - INTEL_MRTE_HOST_NAME=LAPTOP-6VIEB48P
108 [137706195641920] INFO perfrun.mrte <> - JAVA_TOOL_OPTIONS=-agentlib:advixe_samplingmrte_javaprof_1.0 -Dsun.boot.library.path=/opt/intel/oneapi/advisor/2025.3/lib32/runtime:/opt/intel/oneapi/advisor/2025.3/lib64/runtime
108 [137706195641920] INFO perfrun.mrte <> - LD_LIBRARY_PATH=/opt/intel/oneapi/advisor/2025.3/lib32/runtime:/opt/intel/oneapi/advisor/2025.3/lib64/runtime:/opt/intel/oneapi/tcm/1.5/lib:/opt/intel/oneapi/umf/1.1/lib:/opt/intel/oneapi/tcm/1.5/env/../lib:/opt/intel/oneapi/tbb/2023.0/env/../lib/intel64/gcc4.8:/opt/intel/oneapi/debugger/2026.0/opt/debugger/lib:/opt/intel/oneapi/compiler/2026.0/opt/compiler/lib:/opt/intel/oneapi/compiler/2026.0/lib
108 [137706195641920] INFO perfrun.mrte <> - Data directory: /home/marco99/hpc/project/HPC/advisor_project/e000/hs001/data.0
108 [137706195641920] INFO perfrun.mrte <> - Mrte plugin is initialized
108 [137706195641920] INFO perfrun.launcher <> - plugin [] was disabled because it doesn't support the given collection type.
108 [137706195641920] INFO perfrun.launcher <> - plugin [] was disabled because it doesn't support the given collection type.
108 [137706195641920] INFO perfrun.launcher <> - plugin [] was disabled because it doesn't support the given collection type.
108 [137706195641920] INFO perfrun.launcher <> - plugin [] was disabled because it doesn't support the given collection type.
108 [137706195641920] INFO perfrun.launcher <> - plugin [] was disabled because it doesn't support the given collection type.
108 [137706195641920] INFO perfrun.launcher <> - plugin [] was disabled because it doesn't support the given collection type.
108 [137706195641920] INFO perfrun.launcher <> - plugin [] was disabled because it doesn't support the given collection type.
108 [137706195641920] INFO perfrun.tpss <> - initialize tpss controller
108 [137706195641920] INFO perfrun.tpss <> - configure collection mode: value = cpu:stack
108 [137706195641920] INFO perfrun.tpss <> - default obj-size-min=1024
108 [137706195641920] INFO perfrun.tpss <> - default hash-table-size=0
108 [137706195641920] INFO perfrun.launcher <> - plugin [] was disabled because it doesn't support the given collection type.
108 [137706195641920] INFO perfrun.launcher <> - plugin [] was disabled because it doesn't support the given collection type.
108 [137706195641920] INFO perfrun.launcher <> - plugin [] was disabled because it doesn't support the given collection type.
108 [137706195641920] INFO perfrun.launcher <> - plugin [] was disabled because it doesn't support the given collection type.
108 [137706195641920] INFO perfrun.launcher <> - plugin [] was disabled because it doesn't support the given collection type.
108 [137706195641920] INFO perfrun.launcher <> - plugin [] was disabled because it doesn't support the given collection type.
108 [137706195641920] INFO perfrun.launcher <> - plugin [] was disabled because it doesn't support the given collection type.
108 [137706195641920] INFO perfrun.launcher <> - plugin [] was disabled because it doesn't support the given collection type.
108 [137706195641920] INFO perfrun.launcher <> - plugin [] was disabled because it doesn't support the given collection type.
108 [137706195641920] INFO perfrun.launcher <> - plugin [] was disabled because it doesn't support the given collection type.
109 [137706353330112] INFO perfrun.launcher <> - set environment variable: LD_LIBRARY_PATH = /opt/intel/oneapi/advisor/2025.3/lib32/runtime:/opt/intel/oneapi/advisor/2025.3/lib64/runtime:/opt/intel/oneapi/tcm/1.5/lib:/opt/intel/oneapi/umf/1.1/lib:/opt/intel/oneapi/tcm/1.5/env/../lib:/opt/intel/oneapi/tbb/2023.0/env/../lib/intel64/gcc4.8:/opt/intel/oneapi/debugger/2026.0/opt/debugger/lib:/opt/intel/oneapi/compiler/2026.0/opt/compiler/lib:/opt/intel/oneapi/compiler/2026.0/lib
109 [137706353330112] INFO perfrun.launcher <> - set environment variable: INTEL_LIBITTNOTIFY32 = /opt/intel/oneapi/advisor/2025.3/lib32/runtime/libittnotify_collector.so
109 [137706353330112] INFO perfrun.launcher <> - set environment variable: INTEL_LIBITTNOTIFY64 = /opt/intel/oneapi/advisor/2025.3/lib64/runtime/libittnotify_collector.so
110 [137706353330112] INFO perfrun.launcher <> - set environment variable: INTEL_ITTNOTIFY_GROUPS = 
110 [137706353330112] INFO perfrun.launcher <> - set environment variable: INTEL_JIT_PROFILER32 = /opt/intel/oneapi/advisor/2025.3/lib32/runtime/libittnotify_collector.so
110 [137706353330112] INFO perfrun.launcher <> - set environment variable: INTEL_JIT_PROFILER64 = /opt/intel/oneapi/advisor/2025.3/lib64/runtime/libittnotify_collector.so
110 [137706353330112] INFO perfrun.launcher <> - set environment variable: CCL_ITT_LEVEL = 1
111 [137706353330112] INFO perfrun.launcher <> - set environment variable: ENABLE_JITPROFILING = 1
111 [137706353330112] INFO perfrun.launcher <> - set environment variable: CL_CONFIG_USE_VTUNE = True
111 [137706353330112] INFO perfrun.launcher <> - set environment variable: KMP_FORKJOIN_FRAMES = 0
112 [137706353330112] INFO perfrun.launcher <> - set environment variable: KMP_FORKJOIN_FRAMES_MODE = 0
112 [137706353330112] INFO perfrun.launcher <> - set environment variable: INTEL_MRTE_DATA_DIR = /home/marco99/hpc/project/HPC/advisor_project/e000/hs001/data.0
112 [137706353330112] INFO perfrun.launcher <> - set environment variable: INTEL_MRTE_HOST_NAME = LAPTOP-6VIEB48P
112 [137706353330112] INFO perfrun.launcher <> - set environment variable: JAVA_TOOL_OPTIONS = -agentlib:advixe_samplingmrte_javaprof_1.0 -Dsun.boot.library.path=/opt/intel/oneapi/advisor/2025.3/lib32/runtime:/opt/intel/oneapi/advisor/2025.3/lib64/runtime
113 [137706353330112] INFO perfrun.launcher <> - set environment variable: LD_LIBRARY_PATH = /opt/intel/oneapi/advisor/2025.3/lib32/runtime:/opt/intel/oneapi/advisor/2025.3/lib64/runtime:/opt/intel/oneapi/tcm/1.5/lib:/opt/intel/oneapi/umf/1.1/lib:/opt/intel/oneapi/tcm/1.5/env/../lib:/opt/intel/oneapi/tbb/2023.0/env/../lib/intel64/gcc4.8:/opt/intel/oneapi/debugger/2026.0/opt/debugger/lib:/opt/intel/oneapi/compiler/2026.0/opt/compiler/lib:/opt/intel/oneapi/compiler/2026.0/lib
113 [137706353330112] INFO perfrun.launcher <> - RpcServer: run RPC server to handle requests
114 [137706353330112] INFO perfrun.launcher <> - Launcher: command line to start before modification = ./mat_mul 2000
115 [137706353330112] INFO perfrun.launcher <> - Launcher: command line to start after modification = /opt/intel/oneapi/advisor/2025.3/bin64/pin -error_file /home/marco99/hpc/project/HPC/advisor_project/e000/hs001/data.0/pinerr.tpsslog -detach_reattach -follow_execv -tool_load_option deepbind -t64 /opt/intel/oneapi/advisor/2025.3/lib64/libtpsstool.so -t /opt/intel/oneapi/advisor/2025.3/lib32/libtpsstool.so -server_name tpss_ipc.21299 -prd_dir /opt/intel/oneapi/advisor/2025.3 -- ./mat_mul 2000
115 [137706353330112] INFO perfrun.launcher <> - ProcessCreator object was created
117 [137706353330112] INFO perfrun.launcher <> - Launcher: the process was started in suspend mode
120 [137706195641920] WARN perfrun.system <> - Could not do anything with /sys/kernel/debug/kvm: boost::filesystem::status: Permission denied [system:13]: "/sys/kernel/debug/kvm", at file: vcs/perfrun1/plugins/system/src/trace_writer.cpp:787
121 [137706195641920] WARN perfrun.system <> - Folder "/var/run/libvirt/qemu/"doesn't exist, at file: vcs/perfrun1/plugins/system/src/trace_writer.cpp:800
122 [137706195641920] WARN perfrun.sdk <> - Failed to find xl binary on any of the system paths: /bin, /sbin, /usr/bin, /usr/sbin., at file: vcs/perfrun1/sdk/src/utils.cpp:205
143 [137706195641920] INFO perfrun.vdso <> - Helper runtool '/opt/intel/oneapi/advisor/2025.3/bin32/advixe-runss -dump-vdso -r /home/marco99/hpc/project/HPC/advisor_project/e000/hs001 --tmp-dir /tmp/advixe-tmp-marco99' returned 1
249 [137706195641920] INFO perfrun.vdso <> - Helper runtool '/opt/intel/oneapi/advisor/2025.3/bin64/advixe-runss -dump-vdso -r /home/marco99/hpc/project/HPC/advisor_project/e000/hs001 --tmp-dir /tmp/advixe-tmp-marco99' returned 0
249 [137706195641920] INFO perfrun.itt <> - start itt controller for pid #21311
250 [137706195641920] INFO perfrun.tpss <> - start tpss controller for pid #21311
301 [137706353330112] INFO perfrun.launcher <> - Launcher: all plugins were started
301 [137706353330112] INFO perfrun.launcher <> - DirectoryMonitor object was created
302 [137706353330112] INFO perfrun.launcher <> - DirectoryMonitor: a callback was added
302 [137706353330112] INFO perfrun.launcher <> - DirectoryMonitor was started with pingTime = 1000
302 [137706353330112] INFO perfrun.launcher <> - DeadlineTimer is going to be constructed
302 [137706353330112] INFO perfrun.launcher <> - DeadlineTimer: a callback was added
307 [137706353330112] INFO perfrun.launcher <> - Launcher: resume the profiled application and  wait its termination or stop command
10536 [137706353330112] INFO perfrun.launcher <> - Launcher: the profiled application was terminated  with exit code = 0
10545 [137706195641920] INFO perfrun.itt <> - detach itt controller
10545 [137706195641920] INFO perfrun.itt <> - detach itt controller done
10545 [137706195641920] INFO perfrun.tpss <> - stop tpss controller
10547 [137706195641920] INFO perfrun.sdk <> - De-allocating TMU: /home/marco99/hpc/project/HPC/advisor_project/e000/hs001/data.0/systemcollector-21299-LAPTOP-6VIEB48P.sc
10547 [137706195641920] INFO perfrun.system <> - closed the system trace file: /home/marco99/hpc/project/HPC/advisor_project/e000/hs001/data.0/systemcollector-21299-LAPTOP-6VIEB48P.sc
10547 [137706353330112] INFO perfrun.launcher <> - Launcher: all plugins were stopped.
10547 [137706353330112] INFO perfrun.launcher <> - DeadlineTimer is going to be destroyed
10547 [137706353330112] INFO perfrun.launcher <> - DeadlineTimer was destroyed
10548 [137706353330112] INFO perfrun.launcher <> - DirectoryMonitor object was destroyed
10548 [137706353330112] WARN perfrun.launcher <> - Stop command is ignored because it is received when collection is already stopped, at file: vcs/perfrun1/launcher/src/command_handler.cpp:226
10549 [137706353330112] INFO perfrun.launcher <> - Application exit code: 0
10549 [137706353330112] INFO perfrun.launcher <> - Exit code: 0
