Collection status has changed. 1
Collection has been started.
Collection has stopped. Application exit code:  0
Finalizing results
Finalizing the result
Clearing the database
The database has been cleared, elapsed time is 0.861 seconds.
Loading raw data to the database
Loading 'bandwidth_1780303408.hpc' file
Loading 'systemcollector-21299-LAPTOP-6VIEB48P.sc' file
Loading '21299-21311.0.trace' file
Loading 'tripcounts_5936_0.tcs' file
Error: Cannot load data file `/home/marco99/hpc/project/HPC/advisor_project/e000/hs001/data.1/advixe-runtrc.txt' ().
Updating precomputed scalar metrics
Raw data has been loaded to the database, elapsed time is 0.289 seconds.
Processing profile metrics and debug information
Data transformations have been finished, elapsed time is 0.005 seconds.
Setting data model parameters
Resolving module symbols
Resolving information for `mat_mul'
Resolving information for `libc.so.6'
Resolving bottom user stack information
Resolving thread name information
Resolving call target names for dynamic code
Symbol resolution has been finished, elapsed time is 1.922 seconds.
Processing profile metrics and debug information
Resolving FLOP information
Calculating function call count
Processing information for light dynamic instruction mix report
Deferred data transformations have been finished, elapsed time is 0.067 seconds.
Setting data model parameters
Data model parameters have been set, elapsed time is 0.037 seconds.
Precomputing frequently used data
Precomputing frequently used data
Updating precomputed scalar metrics
Precomputing frequently used data has been finished, elapsed time is 0.077 seconds.
Discarding redundant overtime data
Saving the result
Redundant overtime data has been discarded, elapsed time is 0.004 seconds.
Raw collector data has been discarded, elapsed time is 0.000 seconds.
Finalizing the result took 3.403 seconds.
Preparing data for display of survey call tree
Resolving module symbols
Resolving information for dangling locations
Resolving bottom user stack information
Resolving thread name information
Resolving call target names for dynamic code
Precomputing frequently used data
