<?xml version="1.0" encoding="utf-8"?>
<log version="1.0" tool="runtool">

<msg id="1" tool="runtool">
  <type>log-start</type>
  <arg>2026/05/31 22:38:01</arg>
</msg>
<msg id="2" tool="runtool">
  <type>bandwidth-measurement-starts</type>
</msg>
<msg id="3" tool="runtool">
  <type>bandwidth-measurement-done</type>
</msg>
<msg id="4" tool="runtool">
  <type>collector-starts</type>
</msg>
<msg id="5" tool="runtool">
  <type>marker-file</type>
  <arg>/home/marcox/Documents/HPC/advisor_project/e000/trc000/trc000.advixe</arg>
</msg>
<msg id="6" tool="trc">
  <type>PROCESS_START</type>
  <arg>/home/marcox/Documents/HPC/mat_mul</arg>
  <arg>42211</arg>
  <severity>INFO</severity>
  <timestamp>Sun May 31 22:38:12 2026</timestamp>
</msg>
<msg id="7" tool="trc">
  <type>PROCESS_ANALYSIS_MODE</type>
  <arg>full</arg>
  <severity>INFO</severity>
  <timestamp>Sun May 31 22:38:12 2026</timestamp>
</msg>
<msg id="8" tool="trc">
  <type>LOAD_MODULE</type>
  <arg>/home/marcox/Documents/HPC/mat_mul</arg>
  <arg>0x400000</arg>
  <arg>0x40afbf</arg>
  <arg>yes</arg>
  <severity>INFO</severity>
  <timestamp>Sun May 31 22:38:12 2026</timestamp>
</msg>
<msg id="9" tool="trc">
  <type>LOAD_MODULE</type>
  <arg>/lib64/ld-linux-x86-64.so.2</arg>
  <arg>0x7f6d5e1e6000</arg>
  <arg>0x7f6d5e21f2df</arg>
  <arg>yes</arg>
  <severity>INFO</severity>
  <timestamp>Sun May 31 22:38:12 2026</timestamp>
</msg>
<msg id="10" tool="trc">
  <type>LOAD_MODULE</type>
  <arg>[vdso]</arg>
  <arg>0x7f6d5e1e4000</arg>
  <arg>0x7f6d5e1e593a</arg>
  <arg>no</arg>
  <severity>INFO</severity>
  <timestamp>Sun May 31 22:38:12 2026</timestamp>
</msg>
<msg id="11" tool="trc">
  <type>LOAD_MODULE</type>
  <arg>/lib64/libm.so.6</arg>
  <arg>0x7f6d4925c000</arg>
  <arg>0x7f6d4937200f</arg>
  <arg>no</arg>
  <severity>INFO</severity>
  <timestamp>Sun May 31 22:38:12 2026</timestamp>
</msg>
<msg id="12" tool="trc">
  <type>LOAD_MODULE</type>
  <arg>/opt/intel/oneapi/compiler/2026.0/lib/libiomp5.so</arg>
  <arg>0x7f6d48c00000</arg>
  <arg>0x7f6d490914f7</arg>
  <arg>yes</arg>
  <severity>INFO</severity>
  <timestamp>Sun May 31 22:38:12 2026</timestamp>
</msg>
<msg id="13" tool="trc">
  <type>LOAD_MODULE</type>
  <arg>/lib64/libc.so.6</arg>
  <arg>0x7f6d488e7000</arg>
  <arg>0x7f6d48ae1b6f</arg>
  <arg>yes</arg>
  <severity>INFO</severity>
  <timestamp>Sun May 31 22:38:12 2026</timestamp>
</msg>
<msg id="14" tool="trc">
  <type>LOAD_MODULE</type>
  <arg>/lib64/librt.so.1</arg>
  <arg>0x7f6d49106000</arg>
  <arg>0x7f6d49109007</arg>
  <arg>no</arg>
  <severity>INFO</severity>
  <timestamp>Sun May 31 22:38:12 2026</timestamp>
</msg>
<msg id="15" tool="trc">
  <type>LOAD_MODULE</type>
  <arg>/lib64/libdl.so.2</arg>
  <arg>0x7f6d490ca000</arg>
  <arg>0x7f6d490cd007</arg>
  <arg>no</arg>
  <severity>INFO</severity>
  <timestamp>Sun May 31 22:38:12 2026</timestamp>
</msg>
<msg id="16" tool="trc">
  <type>LOAD_MODULE</type>
  <arg>/lib64/libpthread.so.0</arg>
  <arg>0x7f6d490a5000</arg>
  <arg>0x7f6d490a8007</arg>
  <arg>no</arg>
  <severity>INFO</severity>
  <timestamp>Sun May 31 22:38:12 2026</timestamp>
</msg>
<msg id="17" tool="trc">
  <type>UNLOAD_MODULE</type>
  <arg>/home/marcox/Documents/HPC/mat_mul</arg>
  <severity>INFO</severity>
  <timestamp>Sun May 31 22:38:21 2026</timestamp>
</msg>
<msg id="18" tool="trc">
  <type>UNLOAD_MODULE</type>
  <arg>/lib64/ld-linux-x86-64.so.2</arg>
  <severity>INFO</severity>
  <timestamp>Sun May 31 22:38:21 2026</timestamp>
</msg>
<msg id="19" tool="trc">
  <type>UNLOAD_MODULE</type>
  <arg>[vdso]</arg>
  <severity>INFO</severity>
  <timestamp>Sun May 31 22:38:21 2026</timestamp>
</msg>
<msg id="20" tool="trc">
  <type>UNLOAD_MODULE</type>
  <arg>/lib64/libm.so.6</arg>
  <severity>INFO</severity>
  <timestamp>Sun May 31 22:38:21 2026</timestamp>
</msg>
<msg id="21" tool="trc">
  <type>UNLOAD_MODULE</type>
  <arg>/opt/intel/oneapi/compiler/2026.0/lib/libiomp5.so</arg>
  <severity>INFO</severity>
  <timestamp>Sun May 31 22:38:21 2026</timestamp>
</msg>
<msg id="22" tool="trc">
  <type>UNLOAD_MODULE</type>
  <arg>/lib64/libc.so.6</arg>
  <severity>INFO</severity>
  <timestamp>Sun May 31 22:38:21 2026</timestamp>
</msg>
<msg id="23" tool="trc">
  <type>UNLOAD_MODULE</type>
  <arg>/lib64/librt.so.1</arg>
  <severity>INFO</severity>
  <timestamp>Sun May 31 22:38:21 2026</timestamp>
</msg>
<msg id="24" tool="trc">
  <type>UNLOAD_MODULE</type>
  <arg>/lib64/libdl.so.2</arg>
  <severity>INFO</severity>
  <timestamp>Sun May 31 22:38:21 2026</timestamp>
</msg>
<msg id="25" tool="trc">
  <type>UNLOAD_MODULE</type>
  <arg>/lib64/libpthread.so.0</arg>
  <severity>INFO</severity>
  <timestamp>Sun May 31 22:38:21 2026</timestamp>
</msg>
<msg id="26" tool="trc">
  <type>PROCESS_FINISH</type>
  <arg>/home/marcox/Documents/HPC/mat_mul</arg>
  <arg>42211</arg>
  <arg>0x0</arg>
  <severity>INFO</severity>
  <timestamp>Sun May 31 22:38:21 2026</timestamp>
</msg>
<msg id="27" tool="runtool">
  <type>app-exit-code</type>
  <arg>0</arg>
</msg>
<msg id="28" tool="runtool">
  <type>marker-file</type>
  <arg>/home/marcox/Documents/HPC/advisor_project/e000/trc000/trc000.advixe</arg>
</msg>
<msg id="29" tool="runtool">
  <type>collector-done</type>
</msg>
<msg id="30" tool="runtool">
  <type>log-end</type>
  <arg>2026/05/31 22:38:25</arg>
</msg>

</log>

