1 [130233929816000] INFO perfrun.launcher <> - Launcher main begin
1 [130233929816000] INFO perfrun.launcher <> - MessageCatalogInit finished
1 [130233929816000] INFO perfrun.launcher <> - Launcher instance created
1 [130233929816000] INFO perfrun.launcher <> - argc = 6; cmdline = /opt/intel/oneapi/advisor/2025.3/bin64/advixe-runss -dump-vdso -r /home/marco99/hpc/project/HPC/advisor_project/e000/hs000 --tmp-dir /tmp/advixe-tmp-marco99 
40 [130233929816000] INFO perfrun.launcher <> - create msngr2::ICliToolContext
40 [130233929816000] INFO perfrun.launcher <> - create file finder object
40 [130233774630464] INFO perfrun.launcher <> - plugin [remoteplug] was disabled because it doesn't support the given collection type.
41 [130233774630464] INFO perfrun.launcher <> - plugin [system] was disabled because it doesn't support the given collection type.
41 [130233774630464] INFO perfrun.vdso <> - dumping [vdso] pseudomodule
41 [130233774630464] INFO perfrun.launcher <> - plugin [itt] was disabled because it doesn't support the given collection type.
41 [130233774630464] INFO perfrun.launcher <> - plugin [] was disabled because it doesn't support the given collection type.
41 [130233774630464] INFO perfrun.launcher <> - plugin [gpu] was disabled because it doesn't support the given collection type.
41 [130233774630464] INFO perfrun.launcher <> - plugin [] was disabled because it doesn't support the given collection type.
41 [130233774630464] INFO perfrun.launcher <> - plugin [] was disabled because it doesn't support the given collection type.
41 [130233774630464] INFO perfrun.launcher <> - plugin [] was disabled because it doesn't support the given collection type.
41 [130233774630464] INFO perfrun.launcher <> - plugin [mrte] was disabled because it doesn't support the given collection type.
41 [130233774630464] INFO perfrun.launcher <> - plugin [] was disabled because it doesn't support the given collection type.
41 [130233774630464] INFO perfrun.launcher <> - plugin [] was disabled because it doesn't support the given collection type.
41 [130233774630464] INFO perfrun.launcher <> - plugin [] was disabled because it doesn't support the given collection type.
41 [130233774630464] INFO perfrun.launcher <> - plugin [] was disabled because it doesn't support the given collection type.
41 [130233774630464] INFO perfrun.launcher <> - plugin [] was disabled because it doesn't support the given collection type.
41 [130233774630464] INFO perfrun.launcher <> - plugin [] was disabled because it doesn't support the given collection type.
41 [130233774630464] INFO perfrun.launcher <> - plugin [] was disabled because it doesn't support the given collection type.
41 [130233774630464] INFO perfrun.launcher <> - plugin [tpss] was disabled because it doesn't support the given collection type.
41 [130233774630464] INFO perfrun.launcher <> - plugin [] was disabled because it doesn't support the given collection type.
41 [130233774630464] INFO perfrun.launcher <> - plugin [] was disabled because it doesn't support the given collection type.
41 [130233774630464] INFO perfrun.launcher <> - plugin [] was disabled because it doesn't support the given collection type.
41 [130233774630464] INFO perfrun.launcher <> - plugin [] was disabled because it doesn't support the given collection type.
41 [130233774630464] INFO perfrun.launcher <> - plugin [] was disabled because it doesn't support the given collection type.
41 [130233774630464] INFO perfrun.launcher <> - plugin [] was disabled because it doesn't support the given collection type.
41 [130233774630464] INFO perfrun.launcher <> - plugin [] was disabled because it doesn't support the given collection type.
41 [130233774630464] INFO perfrun.launcher <> - plugin [] was disabled because it doesn't support the given collection type.
41 [130233774630464] INFO perfrun.launcher <> - plugin [] was disabled because it doesn't support the given collection type.
41 [130233774630464] INFO perfrun.launcher <> - plugin [] was disabled because it doesn't support the given collection type.
41 [130233929816000] INFO perfrun.launcher <> - Application exit code: 0
41 [130233929816000] INFO perfrun.launcher <> - Exit code: 0
