0 [139962463364352] INFO perfrun.launcher <> - Launcher main begin
1 [139962463364352] INFO perfrun.launcher <> - MessageCatalogInit finished
1 [139962463364352] INFO perfrun.launcher <> - Launcher instance created
1 [139962463364352] INFO perfrun.launcher <> - argc = 7; cmdline = /opt/intel/oneapi/advisor/2026.0/bin64/advixe-runss --ui-output-format xml --ui-output-fd 6 --option-file /home/marcox/Documents/HPC/advisor_project/e000/hs000/config/runss.options 
34 [139962463364352] INFO perfrun.launcher <> - create msngr2::ICliToolContext
34 [139962463364352] INFO perfrun.launcher <> - create file finder object
34 [139962463364352] INFO perfrun.launcher <> - create a result directory: pattern = /home/marcox/Documents/HPC/advisor_project/e000/hs000 pid = 4294967295
35 [139962463364352] INFO perfrun.sdk <> - checked that the directory /home/marcox/Documents/HPC/advisor_project/e000/hs000 is a local directory
35 [139962463364352] INFO perfrun.sdk <> - the directory /home/marcox/Documents/HPC/advisor_project/e000/hs000 is a local directory with FS type ID 2435016766
35 [139962463364352] INFO perfrun.launcher <> - create data directory = /home/marcox/Documents/HPC/advisor_project/e000/hs000/data.0
35 [139962463364352] INFO perfrun.launcher <> - Creating the master collection flag
37 [139962463364352] INFO perfrun.launcher <> - Done creating the master collection flag
38 [139962305472192] INFO perfrun.launcher <> - plugin [remoteplug] was disabled because it doesn't support the given collection type.
38 [139962305472192] INFO perfrun.sdk <> - Allocating TMU :/home/marcox/Documents/HPC/advisor_project/e000/hs000/data.0/systemcollector-62685-marco-fedora.sc
38 [139962305472192] INFO perfrun.launcher <> - plugin [] was disabled because it doesn't support the given collection type.
38 [139962305472192] INFO perfrun.launcher <> - plugin [gpu] was disabled because it doesn't support the given collection type.
38 [139962305472192] INFO perfrun.launcher <> - plugin [] was disabled because it doesn't support the given collection type.
38 [139962305472192] INFO perfrun.launcher <> - plugin [] was disabled because it doesn't support the given collection type.
38 [139962305472192] INFO perfrun.launcher <> - plugin [] was disabled because it doesn't support the given collection type.
38 [139962305472192] INFO perfrun.mrte <> - system-wide mode is 0
38 [139962305472192] INFO perfrun.mrte <> - Getting  mrte profiling environment ...
42 [139962305472192] INFO perfrun.mrte <> - INTEL_MRTE_DATA_DIR=/home/marcox/Documents/HPC/advisor_project/e000/hs000/data.0
42 [139962305472192] INFO perfrun.mrte <> - INTEL_MRTE_HOST_NAME=marco-fedora
42 [139962305472192] INFO perfrun.mrte <> - JAVA_TOOL_OPTIONS=-agentlib:advixe_samplingmrte_javaprof_1.0 -Dsun.boot.library.path=/opt/intel/oneapi/advisor/2026.0/lib32/runtime:/opt/intel/oneapi/advisor/2026.0/lib64/runtime
42 [139962305472192] INFO perfrun.mrte <> - LD_LIBRARY_PATH=/opt/intel/oneapi/advisor/2026.0/lib32/runtime:/opt/intel/oneapi/advisor/2026.0/lib64/runtime:/opt/intel/oneapi/tcm/1.5/lib:/opt/intel/oneapi/umf/1.1/lib:/opt/intel/oneapi/tcm/1.5/env/../lib:/opt/intel/oneapi/tbb/2023.0/env/../lib/intel64/gcc4.8:/opt/intel/oneapi/debugger/2026.0/opt/debugger/lib:/opt/intel/oneapi/compiler/2026.0/opt/compiler/lib:/opt/intel/oneapi/compiler/2026.0/lib
42 [139962305472192] INFO perfrun.mrte <> - Data directory: /home/marcox/Documents/HPC/advisor_project/e000/hs000/data.0
42 [139962305472192] INFO perfrun.mrte <> - Mrte plugin is initialized
42 [139962305472192] INFO perfrun.launcher <> - plugin [] was disabled because it doesn't support the given collection type.
42 [139962305472192] INFO perfrun.launcher <> - plugin [] was disabled because it doesn't support the given collection type.
42 [139962305472192] INFO perfrun.launcher <> - plugin [] was disabled because it doesn't support the given collection type.
42 [139962305472192] INFO perfrun.launcher <> - plugin [] was disabled because it doesn't support the given collection type.
42 [139962305472192] INFO perfrun.launcher <> - plugin [] was disabled because it doesn't support the given collection type.
42 [139962305472192] INFO perfrun.launcher <> - plugin [] was disabled because it doesn't support the given collection type.
42 [139962305472192] INFO perfrun.launcher <> - plugin [] was disabled because it doesn't support the given collection type.
42 [139962305472192] INFO perfrun.tpss <> - initialize tpss controller
42 [139962305472192] INFO perfrun.tpss <> - configure collection mode: value = cpu:stack
42 [139962305472192] INFO perfrun.tpss <> - default obj-size-min=1024
42 [139962305472192] INFO perfrun.tpss <> - default hash-table-size=0
42 [139962305472192] INFO perfrun.launcher <> - plugin [] was disabled because it doesn't support the given collection type.
42 [139962305472192] INFO perfrun.launcher <> - plugin [] was disabled because it doesn't support the given collection type.
42 [139962305472192] INFO perfrun.launcher <> - plugin [] was disabled because it doesn't support the given collection type.
42 [139962305472192] INFO perfrun.launcher <> - plugin [] was disabled because it doesn't support the given collection type.
42 [139962305472192] INFO perfrun.launcher <> - plugin [] was disabled because it doesn't support the given collection type.
42 [139962305472192] INFO perfrun.launcher <> - plugin [] was disabled because it doesn't support the given collection type.
42 [139962305472192] INFO perfrun.launcher <> - plugin [] was disabled because it doesn't support the given collection type.
42 [139962305472192] INFO perfrun.launcher <> - plugin [] was disabled because it doesn't support the given collection type.
42 [139962305472192] INFO perfrun.launcher <> - plugin [] was disabled because it doesn't support the given collection type.
42 [139962305472192] INFO perfrun.launcher <> - plugin [] was disabled because it doesn't support the given collection type.
42 [139962463364352] INFO perfrun.launcher <> - set environment variable: LD_LIBRARY_PATH = /opt/intel/oneapi/advisor/2026.0/lib32/runtime:/opt/intel/oneapi/advisor/2026.0/lib64/runtime:/opt/intel/oneapi/tcm/1.5/lib:/opt/intel/oneapi/umf/1.1/lib:/opt/intel/oneapi/tcm/1.5/env/../lib:/opt/intel/oneapi/tbb/2023.0/env/../lib/intel64/gcc4.8:/opt/intel/oneapi/debugger/2026.0/opt/debugger/lib:/opt/intel/oneapi/compiler/2026.0/opt/compiler/lib:/opt/intel/oneapi/compiler/2026.0/lib
42 [139962463364352] INFO perfrun.launcher <> - set environment variable: INTEL_LIBITTNOTIFY32 = /opt/intel/oneapi/advisor/2026.0/lib32/runtime/libittnotify_collector.so
42 [139962463364352] INFO perfrun.launcher <> - set environment variable: INTEL_LIBITTNOTIFY64 = /opt/intel/oneapi/advisor/2026.0/lib64/runtime/libittnotify_collector.so
42 [139962463364352] INFO perfrun.launcher <> - set environment variable: INTEL_ITTNOTIFY_GROUPS = 
42 [139962463364352] INFO perfrun.launcher <> - set environment variable: INTEL_JIT_PROFILER32 = /opt/intel/oneapi/advisor/2026.0/lib32/runtime/libittnotify_collector.so
42 [139962463364352] INFO perfrun.launcher <> - set environment variable: INTEL_JIT_PROFILER64 = /opt/intel/oneapi/advisor/2026.0/lib64/runtime/libittnotify_collector.so
42 [139962463364352] INFO perfrun.launcher <> - set environment variable: CCL_ITT_LEVEL = 1
42 [139962463364352] INFO perfrun.launcher <> - set environment variable: ENABLE_JITPROFILING = 1
43 [139962463364352] INFO perfrun.launcher <> - set environment variable: CL_CONFIG_USE_VTUNE = True
43 [139962463364352] INFO perfrun.launcher <> - set environment variable: KMP_FORKJOIN_FRAMES = 0
43 [139962463364352] INFO perfrun.launcher <> - set environment variable: KMP_FORKJOIN_FRAMES_MODE = 0
43 [139962463364352] INFO perfrun.launcher <> - set environment variable: INTEL_MRTE_DATA_DIR = /home/marcox/Documents/HPC/advisor_project/e000/hs000/data.0
43 [139962463364352] INFO perfrun.launcher <> - set environment variable: INTEL_MRTE_HOST_NAME = marco-fedora
43 [139962463364352] INFO perfrun.launcher <> - set environment variable: JAVA_TOOL_OPTIONS = -agentlib:advixe_samplingmrte_javaprof_1.0 -Dsun.boot.library.path=/opt/intel/oneapi/advisor/2026.0/lib32/runtime:/opt/intel/oneapi/advisor/2026.0/lib64/runtime
43 [139962463364352] INFO perfrun.launcher <> - set environment variable: LD_LIBRARY_PATH = /opt/intel/oneapi/advisor/2026.0/lib32/runtime:/opt/intel/oneapi/advisor/2026.0/lib64/runtime:/opt/intel/oneapi/tcm/1.5/lib:/opt/intel/oneapi/umf/1.1/lib:/opt/intel/oneapi/tcm/1.5/env/../lib:/opt/intel/oneapi/tbb/2023.0/env/../lib/intel64/gcc4.8:/opt/intel/oneapi/debugger/2026.0/opt/debugger/lib:/opt/intel/oneapi/compiler/2026.0/opt/compiler/lib:/opt/intel/oneapi/compiler/2026.0/lib
43 [139962463364352] INFO perfrun.launcher <> - RpcServer: run RPC server to handle requests
43 [139962463364352] INFO perfrun.launcher <> - Launcher: command line to start before modification = ./mat_mul 2000
43 [139962463364352] INFO perfrun.launcher <> - Launcher: command line to start after modification = /opt/intel/oneapi/advisor/2026.0/bin64/pin -error_file /home/marcox/Documents/HPC/advisor_project/e000/hs000/data.0/pinerr.tpsslog -detach_reattach -follow_execv -tool_load_option deepbind -t64 /opt/intel/oneapi/advisor/2026.0/lib64/libtpsstool.so -t /opt/intel/oneapi/advisor/2026.0/lib32/libtpsstool.so -server_name tpss_ipc.62685 -prd_dir /opt/intel/oneapi/advisor/2026.0 -- ./mat_mul 2000
43 [139962463364352] INFO perfrun.launcher <> - ProcessCreator object was created
44 [139962463364352] INFO perfrun.launcher <> - Launcher: the process was started in suspend mode
45 [139962305472192] WARN perfrun.system <> - Could not do anything with /sys/kernel/debug/kvm: boost::filesystem::status: Permission denied [system:13]: "/sys/kernel/debug/kvm", at file: vcs/perfrun1/plugins/system/src/trace_writer.cpp:791
46 [139962305472192] WARN perfrun.sdk <> - Failed to find xl binary on any of the system paths: /bin, /sbin, /usr/bin, /usr/sbin., at file: vcs/perfrun1/sdk/src/utils.cpp:205
48 [139962305472192] INFO perfrun.vdso <> - Helper runtool '/opt/intel/oneapi/advisor/2026.0/bin32/advixe-runss -dump-vdso -r /home/marcox/Documents/HPC/advisor_project/e000/hs000 --tmp-dir /tmp/advixe-tmp-marcox' returned 1
102 [139962305472192] INFO perfrun.vdso <> - Helper runtool '/opt/intel/oneapi/advisor/2026.0/bin64/advixe-runss -dump-vdso -r /home/marcox/Documents/HPC/advisor_project/e000/hs000 --tmp-dir /tmp/advixe-tmp-marcox' returned 0
102 [139962305472192] INFO perfrun.itt <> - start itt controller for pid #62696
102 [139962305472192] INFO perfrun.tpss <> - start tpss controller for pid #62696
153 [139962463364352] INFO perfrun.launcher <> - Launcher: all plugins were started
153 [139962463364352] INFO perfrun.launcher <> - DirectoryMonitor object was created
153 [139962463364352] INFO perfrun.launcher <> - DirectoryMonitor: a callback was added
153 [139962463364352] INFO perfrun.launcher <> - DirectoryMonitor was started with pingTime = 1000
153 [139962463364352] INFO perfrun.launcher <> - DeadlineTimer is going to be constructed
153 [139962463364352] INFO perfrun.launcher <> - DeadlineTimer: a callback was added
164 [139962463364352] INFO perfrun.launcher <> - Launcher: resume the profiled application and  wait its termination or stop command
4961 [139962463364352] INFO perfrun.launcher <> - Launcher: the profiled application was terminated  with exit code = 0
4965 [139962305472192] INFO perfrun.itt <> - detach itt controller
4965 [139962305472192] INFO perfrun.itt <> - detach itt controller done
4965 [139962305472192] INFO perfrun.tpss <> - stop tpss controller
4965 [139962305472192] INFO perfrun.sdk <> - De-allocating TMU: /home/marcox/Documents/HPC/advisor_project/e000/hs000/data.0/systemcollector-62685-marco-fedora.sc
4965 [139962305472192] INFO perfrun.system <> - closed the system trace file: /home/marcox/Documents/HPC/advisor_project/e000/hs000/data.0/systemcollector-62685-marco-fedora.sc
4965 [139962463364352] INFO perfrun.launcher <> - Launcher: all plugins were stopped.
4965 [139962463364352] INFO perfrun.launcher <> - DeadlineTimer is going to be destroyed
4965 [139962463364352] INFO perfrun.launcher <> - DeadlineTimer was destroyed
4965 [139962463364352] INFO perfrun.launcher <> - DirectoryMonitor object was destroyed
4965 [139962463364352] WARN perfrun.launcher <> - Stop command is ignored because it is received when collection is already stopped, at file: vcs/perfrun1/launcher/src/command_handler.cpp:226
4966 [139962463364352] INFO perfrun.launcher <> - Application exit code: 0
4966 [139962463364352] INFO perfrun.launcher <> - Exit code: 0
