<?xml version="1.0" encoding="utf-8"?>
<log version="1.0" tool="runtool">

<msg id="1" tool="runtool">
  <type>log-start</type>
  <arg>2026/06/01 11:47:10</arg>
</msg>
<msg id="2" tool="runtool">
  <type>bandwidth-measurement-starts</type>
</msg>
<msg id="3" tool="runtool">
  <type>bandwidth-measurement-done</type>
</msg>
<msg id="4" tool="runtool">
  <type>collector-starts</type>
</msg>
<msg id="5" tool="runtool">
  <type>marker-file</type>
  <arg>/home/marco99/hpc/project/HPC/advisor_project/e000/trc001/trc001.advixe</arg>
</msg>
<msg id="6" tool="trc">
  <type>PROCESS_START</type>
  <arg>/home/marco99/hpc/project/HPC/mat_mul</arg>
  <arg>21563</arg>
  <severity>INFO</severity>
  <timestamp>Mon Jun  1 11:47:21 2026</timestamp>
</msg>
<msg id="7" tool="trc">
  <type>PROCESS_ANALYSIS_MODE</type>
  <arg>full</arg>
  <severity>INFO</severity>
  <timestamp>Mon Jun  1 11:47:21 2026</timestamp>
</msg>
<msg id="8" tool="trc">
  <type>LOAD_MODULE</type>
  <arg>/home/marco99/hpc/project/HPC/mat_mul</arg>
  <arg>0x400000</arg>
  <arg>0x40bfdf</arg>
  <arg>yes</arg>
  <severity>INFO</severity>
  <timestamp>Mon Jun  1 11:47:21 2026</timestamp>
</msg>
<msg id="9" tool="trc">
  <type>LOAD_MODULE</type>
  <arg>/lib64/ld-linux-x86-64.so.2</arg>
  <arg>0x7956a423f000</arg>
  <arg>0x7956a427a2d7</arg>
  <arg>no</arg>
  <severity>INFO</severity>
  <timestamp>Mon Jun  1 11:47:21 2026</timestamp>
</msg>
<msg id="10" tool="trc">
  <type>LOAD_MODULE</type>
  <arg>[vdso]</arg>
  <arg>0x7ffc5ccdc000</arg>
  <arg>0x7ffc5ccdd01d</arg>
  <arg>no</arg>
  <severity>INFO</severity>
  <timestamp>Mon Jun  1 11:47:21 2026</timestamp>
</msg>
<msg id="11" tool="trc">
  <type>LOAD_MODULE</type>
  <arg>/lib/x86_64-linux-gnu/libm.so.6</arg>
  <arg>0x79568f47e000</arg>
  <arg>0x79568f564107</arg>
  <arg>no</arg>
  <severity>INFO</severity>
  <timestamp>Mon Jun  1 11:47:21 2026</timestamp>
</msg>
<msg id="12" tool="trc">
  <type>LOAD_MODULE</type>
  <arg>/opt/intel/oneapi/compiler/2026.0/lib/libiomp5.so</arg>
  <arg>0x79568ee00000</arg>
  <arg>0x79568f2914f7</arg>
  <arg>yes</arg>
  <severity>INFO</severity>
  <timestamp>Mon Jun  1 11:47:21 2026</timestamp>
</msg>
<msg id="13" tool="trc">
  <type>LOAD_MODULE</type>
  <arg>/lib/x86_64-linux-gnu/libc.so.6</arg>
  <arg>0x79568ea00000</arg>
  <arg>0x79568ec28e4f</arg>
  <arg>no</arg>
  <severity>INFO</severity>
  <timestamp>Mon Jun  1 11:47:21 2026</timestamp>
</msg>
<msg id="14" tool="trc">
  <type>LOAD_MODULE</type>
  <arg>/lib/x86_64-linux-gnu/librt.so.1</arg>
  <arg>0x79568f303000</arg>
  <arg>0x79568f307037</arg>
  <arg>no</arg>
  <severity>INFO</severity>
  <timestamp>Mon Jun  1 11:47:21 2026</timestamp>
</msg>
<msg id="15" tool="trc">
  <type>LOAD_MODULE</type>
  <arg>/lib/x86_64-linux-gnu/libdl.so.2</arg>
  <arg>0x79568f2f4000</arg>
  <arg>0x79568f2f8027</arg>
  <arg>no</arg>
  <severity>INFO</severity>
  <timestamp>Mon Jun  1 11:47:21 2026</timestamp>
</msg>
<msg id="16" tool="trc">
  <type>LOAD_MODULE</type>
  <arg>/lib/x86_64-linux-gnu/libpthread.so.0</arg>
  <arg>0x79568f2ef000</arg>
  <arg>0x79568f2f3027</arg>
  <arg>yes</arg>
  <severity>INFO</severity>
  <timestamp>Mon Jun  1 11:47:21 2026</timestamp>
</msg>
<msg id="17" tool="trc">
  <type>UNLOAD_MODULE</type>
  <arg>/home/marco99/hpc/project/HPC/mat_mul</arg>
  <severity>INFO</severity>
  <timestamp>Mon Jun  1 11:47:39 2026</timestamp>
</msg>
<msg id="18" tool="trc">
  <type>UNLOAD_MODULE</type>
  <arg>/lib64/ld-linux-x86-64.so.2</arg>
  <severity>INFO</severity>
  <timestamp>Mon Jun  1 11:47:39 2026</timestamp>
</msg>
<msg id="19" tool="trc">
  <type>UNLOAD_MODULE</type>
  <arg>[vdso]</arg>
  <severity>INFO</severity>
  <timestamp>Mon Jun  1 11:47:39 2026</timestamp>
</msg>
<msg id="20" tool="trc">
  <type>UNLOAD_MODULE</type>
  <arg>/lib/x86_64-linux-gnu/libm.so.6</arg>
  <severity>INFO</severity>
  <timestamp>Mon Jun  1 11:47:39 2026</timestamp>
</msg>
<msg id="21" tool="trc">
  <type>UNLOAD_MODULE</type>
  <arg>/opt/intel/oneapi/compiler/2026.0/lib/libiomp5.so</arg>
  <severity>INFO</severity>
  <timestamp>Mon Jun  1 11:47:39 2026</timestamp>
</msg>
<msg id="22" tool="trc">
  <type>UNLOAD_MODULE</type>
  <arg>/lib/x86_64-linux-gnu/libc.so.6</arg>
  <severity>INFO</severity>
  <timestamp>Mon Jun  1 11:47:39 2026</timestamp>
</msg>
<msg id="23" tool="trc">
  <type>UNLOAD_MODULE</type>
  <arg>/lib/x86_64-linux-gnu/librt.so.1</arg>
  <severity>INFO</severity>
  <timestamp>Mon Jun  1 11:47:39 2026</timestamp>
</msg>
<msg id="24" tool="trc">
  <type>UNLOAD_MODULE</type>
  <arg>/lib/x86_64-linux-gnu/libdl.so.2</arg>
  <severity>INFO</severity>
  <timestamp>Mon Jun  1 11:47:39 2026</timestamp>
</msg>
<msg id="25" tool="trc">
  <type>UNLOAD_MODULE</type>
  <arg>/lib/x86_64-linux-gnu/libpthread.so.0</arg>
  <severity>INFO</severity>
  <timestamp>Mon Jun  1 11:47:39 2026</timestamp>
</msg>
<msg id="26" tool="trc">
  <type>PROCESS_FINISH</type>
  <arg>/home/marco99/hpc/project/HPC/mat_mul</arg>
  <arg>21563</arg>
  <arg>0x0</arg>
  <severity>INFO</severity>
  <timestamp>Mon Jun  1 11:47:39 2026</timestamp>
</msg>
<msg id="27" tool="runtool">
  <type>app-exit-code</type>
  <arg>0</arg>
</msg>
<msg id="28" tool="runtool">
  <type>marker-file</type>
  <arg>/home/marco99/hpc/project/HPC/advisor_project/e000/trc001/trc001.advixe</arg>
</msg>
<msg id="29" tool="runtool">
  <type>collector-done</type>
</msg>
<msg id="30" tool="runtool">
  <type>log-end</type>
  <arg>2026/06/01 11:47:43</arg>
</msg>

</log>

